Execute	.target.bash_output "/usr/bin/grep '^# Creation time:' /etc/dhcpd.conf |head -n 1 |sed 's/# Creation time: \\([^$]*\\)/\\1/'" $[]
Execute	.target.bash_output "date --date='' +\"%s\"" $[]
Read	.target.stat "/etc/dhcpd.conf" $[]
Read	.target.ycp "/var/lib/YaST2/dhcp_server.ycp" $[]
Return	true
Execute	.target.bash_output "LANG=C /bin/date" $[]
Write	.target.string "/etc/dhcpd.conf" "#\n# This file was generated by YaST2.\n#\n# If you update it manually, YaST2 component for DHCP server\n# configuration will rewrite it next time you use it.\n#\n# Creation time: #\n\n\n" true
Write	.target.ycp "/var/lib/YaST2/dhcp_server.ycp" $[] true
Execute	.target.bash "/etc/init.d/dhcpd stop" 0
Read	.init.scripts.exists "dhcpd" true
Read	.init.scripts.exists "dhcpd" true
Read	.init.scripts.runlevel "dhcpd" $["dhcpd":$["start":[], "stop":[]]]
Read	.init.scripts.comment "dhcpd" $["dhcpd":$[]]
Return	true
