Dump	==========================================================
Execute	.target.bash "/etc/init.d/dhcpd restart" 0
Return	true
Dump	==========================================================
Execute	.target.bash "/etc/init.d/dhcpd stop" 0
Return	true
Dump	==========================================================
Execute	.target.bash "/etc/init.d/dhcpd status" 0
Return	true
Dump	==========================================================
